// 同步 ID: aa0040d3 @ Fri Jul 24 01:20:34 UTC 2026
// 同步 ID: d57580f9 @ Fri Jul 24 05:02:53 UTC 2026
// 重构日志: c8ac3c90
// 重构日志: c3f9af9a
// 重构日志: 2e64c77c
// 重构日志: e835d28e
// 重构日志: b0c9ccb7
// 重构日志: e1328906
// 重构日志: 53a0ab0c
// 重构日志: 65f44aa3
// 重构日志: a9d29e8c
// 重构日志: 19183012
// 同步 ID: 32d5cc6f @ Tue Jul 28 01:17:30 UTC 2026
// 同步 ID: 6abc3e43 @ Tue Jul 28 08:38:03 UTC 2026
// 重构日志: d69bc737
// 同步 ID: 7d3269d5 @ Wed Jul 29 11:49:47 UTC 2026
// 重构日志: a012df30
// 重构日志: aacd324f
// 重构日志: 04c193f6
// 同步 ID: cea895fd @ Thu Jul 30 22:46:52 UTC 2026
// 同步 ID: 0f448af3 @ Fri Jul 31 01:56:58 UTC 2026
// 重构日志: 5f99e192
// 重构日志: 024a1d81
// 重构日志: 5ea4ad3f
// 重构日志: 1ffd6c04
// 重构日志: 16c6f9fe
// 同步 ID: d425411d @ Sun Aug  2 18:05:19 UTC 2026
// 同步 ID: e4ae4ef3 @ Sun Aug  2 19:13:14 UTC 2026
// 同步 ID: f9c62104 @ Tue Aug  4 10:33:38 UTC 2026
// 同步 ID: 17d2980e @ Tue Aug  4 15:32:08 UTC 2026
// 重构日志: f470b603
